=== terminal
bad_object.art:7:21: expected ":" after the key, found "\"A-1\""
   7 |       body = {"sku" "A-1", 3: true}
     |                     ^^^^^

bad_object.art:7:21: expected "}" to close the object, found "\"A-1\""
   7 |       body = {"sku" "A-1", 3: true}
     |                     ^^^^^

bad_object.art:7:21: expected a newline after a field, found "\"A-1\""
   7 |       body = {"sku" "A-1", 3: true}
     |                     ^^^^^
   hint: statements separate by newline; there are no semicolons

bad_object.art:7:21: expected a field name, found "\"A-1\""
   7 |       body = {"sku" "A-1", 3: true}
     |                     ^^^^^

bad_object.art:9:5: expected "config", "var", "step" or "use", found "expect"
   9 |     expect status == 201
     |     ^^^^^^

bad_object.art:11:1: expected "import", "collection" or "scenario", found "}"
   11 | }
      | ^
   hint: a file holds imports, then collections and scenarios

=== codes
unexpected-token	error	7:21-7:26
unexpected-token	error	7:21-7:26
missing-separator	error	7:21-7:26
unexpected-token	error	7:21-7:26
unexpected-token	error	9:5-9:11
unexpected-token	error	11:1-11:2
