=== terminal
reserved_word.art:18:7: "let" is a reserved word
   18 |   var let = 1
      |       ^^^
   hint: reserved for a future local-binding form; rename this var

reserved_word.art:22:13: "import" is a reserved word
   22 |     capture import = body.data.token
      |             ^^^^^^
   hint: imports a collection file: import "collections/auth.art"; rename this capture

=== codes
reserved-word	error	18:7-18:10
reserved-word	error	22:13-22:19
