{"event":"run-start","files":["testdata/art/report_json/01_health.art","testdata/art/report_json/02_items.art","testdata/art/report_json/03_broken.art"]}
{"event":"scenario-start","file":"testdata/art/report_json/01_health.art","scenario":"health","steps":["ping"]}
{"event":"step-start","file":"testdata/art/report_json/01_health.art","scenario":"health","step":"ping","index":0}
{"event":"step-end","file":"testdata/art/report_json/01_health.art","scenario":"health","index":0,"result":{"name":"ping","status":"pass","duration_ms":0,"attempts":1,"line":2,"error":"","screenshot":"","trace":"","assertions":[{"kind":"expect","path":"status","operator":"==","expected":200,"actual":200,"status":"pass","error":"","line":4},{"kind":"expect","path":"body.status","operator":"==","expected":"ok","actual":"ok","status":"pass","error":"","line":5}]}}
{"event":"scenario-end","file":"testdata/art/report_json/01_health.art","scenario":"health","result":{"name":"health","file":"testdata/art/report_json/01_health.art","status":"pass","duration_ms":0,"error":""}}
{"event":"scenario-start","file":"testdata/art/report_json/02_items.art","scenario":"items","steps":["list items","missing route"]}
{"event":"step-start","file":"testdata/art/report_json/02_items.art","scenario":"items","step":"list items","index":0}
{"event":"step-end","file":"testdata/art/report_json/02_items.art","scenario":"items","index":0,"result":{"name":"list items","status":"fail","duration_ms":0,"attempts":1,"line":2,"error":"","screenshot":"","trace":"","assertions":[{"kind":"expect","path":"status","operator":"==","expected":200,"actual":200,"status":"pass","error":"","line":4},{"kind":"expect","path":"body.total","operator":"\u003e","expected":0,"actual":0,"status":"fail","error":"","line":5}]}}
{"event":"step-start","file":"testdata/art/report_json/02_items.art","scenario":"items","step":"missing route","index":1}
{"event":"step-end","file":"testdata/art/report_json/02_items.art","scenario":"items","index":1,"result":{"name":"missing route","status":"fail","duration_ms":0,"attempts":1,"line":8,"error":"","screenshot":"","trace":"","assertions":[{"kind":"expect","path":"status","operator":"==","expected":200,"actual":404,"status":"fail","error":"","line":10}]}}
{"event":"scenario-end","file":"testdata/art/report_json/02_items.art","scenario":"items","result":{"name":"items","file":"testdata/art/report_json/02_items.art","status":"fail","duration_ms":0,"error":""}}
{"event":"scenario-start","file":"testdata/art/report_json/03_broken.art","scenario":"","steps":[]}
{"event":"scenario-end","file":"testdata/art/report_json/03_broken.art","scenario":"","result":{"name":"","file":"testdata/art/report_json/03_broken.art","status":"error","duration_ms":0,"error":"testdata/art/report_json/03_broken.art:6:5: unknown field \"timeot\""}}
{"event":"run-end","result":{"schema_version":1,"started_at":"1970-01-01T00:00:00Z","duration_ms":0,"status":"error","passed":false,"error":"","counts":{"scenarios":{"total":3,"passed":1,"failed":1,"errored":1,"skipped":0},"steps":{"total":3,"passed":1,"failed":2,"errored":0,"skipped":0},"assertions":{"total":5,"passed":3,"failed":2,"errored":0,"skipped":0}}}}

--- exit error ---
2 of 3 steps failed, 2 of 5 assertions failed; 1 scenario could not run: testdata/art/report_json/03_broken.art:6:5: unknown field "timeot"
