{"event":"run-start","files":["testdata/art/pass.art"]}
{"event":"scenario-start","file":"testdata/art/pass.art","scenario":"item lifecycle","steps":["create item","read it back"]}
{"event":"step-start","file":"testdata/art/pass.art","scenario":"item lifecycle","step":"create item","index":0}
{"event":"step-end","file":"testdata/art/pass.art","scenario":"item lifecycle","index":0,"result":{"name":"create item","status":"pass","duration_ms":0,"attempts":1,"line":11,"error":"","screenshot":"","trace":"","assertions":[{"kind":"expect","path":"status","operator":"==","expected":201,"actual":201,"status":"pass","error":"","line":16},{"kind":"expect","path":"body.id","operator":"exists","expected":true,"actual":42,"status":"pass","error":"","line":17},{"kind":"expect","path":"body.name","operator":"==","expected":"widget","actual":"widget","status":"pass","error":"","line":18}]}}
{"event":"step-start","file":"testdata/art/pass.art","scenario":"item lifecycle","step":"read it back","index":1}
{"event":"step-end","file":"testdata/art/pass.art","scenario":"item lifecycle","index":1,"result":{"name":"read it back","status":"pass","duration_ms":0,"attempts":1,"line":22,"error":"","screenshot":"","trace":"","assertions":[{"kind":"expect","path":"status","operator":"==","expected":200,"actual":200,"status":"pass","error":"","line":24},{"kind":"expect","path":"body.name","operator":"contains","expected":"widg","actual":"widget","status":"pass","error":"","line":25},{"kind":"expect","path":"body.tags","operator":"==","expected":["a","b"],"actual":["a","b"],"status":"pass","error":"","line":26}]}}
{"event":"scenario-end","file":"testdata/art/pass.art","scenario":"item lifecycle","result":{"name":"item lifecycle","file":"testdata/art/pass.art","status":"pass","duration_ms":0,"error":""}}
{"event":"run-end","result":{"schema_version":1,"started_at":"1970-01-01T00:00:00Z","duration_ms":0,"status":"pass","passed":true,"error":"","counts":{"scenarios":{"total":1,"passed":1,"failed":0,"errored":0,"skipped":0},"steps":{"total":2,"passed":2,"failed":0,"errored":0,"skipped":0},"assertions":{"total":6,"passed":6,"failed":0,"errored":0,"skipped":0}}}}
