{"event":"run-start","files":["testdata/art/secret_redacted.art"]}
{"event":"scenario-start","file":"testdata/art/secret_redacted.art","scenario":"secret redaction","steps":["compare"]}
{"event":"step-start","file":"testdata/art/secret_redacted.art","scenario":"secret redaction","step":"compare","index":0}
{"event":"step-end","file":"testdata/art/secret_redacted.art","scenario":"secret redaction","index":0,"result":{"name":"compare","status":"fail","duration_ms":0,"attempts":1,"line":10,"error":"","screenshot":"","trace":"","assertions":[{"kind":"expect","path":"status","operator":"==","expected":200,"actual":200,"status":"pass","error":"","line":12},{"kind":"expect","path":"body.given","operator":"==","expected":"***","actual":"not-the-password","status":"fail","error":"","line":13}]}}
{"event":"scenario-end","file":"testdata/art/secret_redacted.art","scenario":"secret redaction","result":{"name":"secret redaction","file":"testdata/art/secret_redacted.art","status":"fail","duration_ms":0,"error":""}}
{"event":"run-end","result":{"schema_version":1,"started_at":"1970-01-01T00:00:00Z","duration_ms":0,"status":"fail","passed":false,"error":"","counts":{"scenarios":{"total":1,"passed":0,"failed":1,"errored":0,"skipped":0},"steps":{"total":1,"passed":0,"failed":1,"errored":0,"skipped":0},"assertions":{"total":2,"passed":1,"failed":1,"errored":0,"skipped":0}}}}

--- exit error ---
1 of 1 steps failed, 1 of 2 assertions failed
