scenario: secret redaction (testdata/art/secret_redacted.art)
  FAIL  compare                     <dur>
         body.given == ***, got not-the-password

1 failure:

1) testdata/art/secret_redacted.art:13
     scenario  secret redaction
     step      compare
     assert    expect body.given ==
     expected  "***"
     actual    "not-the-password"

Scenarios     1  (1 failed)
Steps         1  (1 failed)
Assertions    2  (1 passed, 1 failed)
FAIL in <dur>
{
  "schema_version": 1,
  "started_at": "1970-01-01T00:00:00Z",
  "duration_ms": 0,
  "status": "fail",
  "passed": false,
  "error": "",
  "counts": {
    "scenarios": {
      "total": 1,
      "passed": 0,
      "failed": 1,
      "errored": 0,
      "skipped": 0
    },
    "steps": {
      "total": 1,
      "passed": 0,
      "failed": 1,
      "errored": 0,
      "skipped": 0
    },
    "assertions": {
      "total": 2,
      "passed": 1,
      "failed": 1,
      "errored": 0,
      "skipped": 0
    }
  },
  "scenarios": [
    {
      "name": "secret redaction",
      "file": "testdata/art/secret_redacted.art",
      "status": "fail",
      "duration_ms": 0,
      "error": "",
      "steps": [
        {
          "name": "compare",
          "status": "fail",
          "duration_ms": 0,
          "attempts": 1,
          "line": 10,
          "error": "",
          "screenshot": "",
          "assertions": [
            {
              "kind": "expect",
              "path": "status",
              "operator": "==",
              "expected": 200,
              "actual": 200,
              "status": "pass",
              "error": "",
              "line": 12
            },
            {
              "kind": "expect",
              "path": "body.given",
              "operator": "==",
              "expected": "***",
              "actual": "not-the-password",
              "status": "fail",
              "error": "",
              "line": 13
            }
          ]
        }
      ]
    }
  ],
  "failures": [
    {
      "file": "testdata/art/secret_redacted.art",
      "line": 13,
      "scenario": "secret redaction",
      "step": "compare",
      "status": "fail",
      "kind": "expect",
      "path": "body.given",
      "operator": "==",
      "expected": "***",
      "actual": "not-the-password",
      "error": "",
      "screenshot": ""
    }
  ]
}

--- exit error ---
1 of 1 steps failed, 1 of 2 assertions failed
