scenario: captures that cannot be read (testdata/bad_capture.yaml)
  ERROR login                       <dur>
         authToken json: path "$.session.token": nothing is at that path
         requestId regex: regex "req-([0-9a-f]+)" matched nothing in the output

Scenarios     1  (1 errored)
Steps         1  (1 errored)
Assertions    4  (2 passed, 2 errored)
FAIL in <dur>

--- exit error ---
1 of 1 steps failed (1 errored), 2 of 4 assertions failed
