scenario: bad retry delay (testdata/bad_retry.yaml)
  ERROR ping                        <dur>
         retry delay "soon" is not a duration (want something like "500ms" or "2s")

Scenarios     1  (1 errored)
Steps         1  (1 errored)
Assertions    0
FAIL in <dur>

--- exit error ---
1 of 1 steps failed (1 errored)
